                           .data
                           .org 0x1000
D 1000 00 00 00 00 00 00 .. tape:   .space 30000
                           .code
0000 C|4|0|0|0002  JUMP start
0001 F|C|0|0|0000  RETI
0002 8|0|4|0|1000  start:  LOAD X, #tape
0003 8|0|0|2|0000  LOAD A, [X]
0004 0|0|8|0|0008  ADD #8
0005 9|0|0|2|0000  STORE [X], A
0006 8|0|0|2|0000  LOAD A, [X]
0007 4|0|0|0|00FF  TEST #255
0008 C|1|0|0|0054  JUMP Z, e1
                           b1:
0009 8|0|0|3|0000  LOAD A, [X+]
000A 8|0|0|2|0000  LOAD A, [X]
000B 0|0|8|0|0004  ADD #4
000C 9|0|0|2|0000  STORE [X], A
000D 8|0|0|2|0000  LOAD A, [X]
000E 4|0|0|0|00FF  TEST #255
000F C|1|0|0|002B  JUMP Z, e2
                           b2:
0010 8|0|0|3|0000  LOAD A, [X+]
0011 8|0|0|2|0000  LOAD A, [X]
0012 0|0|8|0|0002  ADD #2
0013 9|0|0|2|0000  STORE [X], A
0014 8|0|0|3|0000  LOAD A, [X+]
0015 8|0|0|2|0000  LOAD A, [X]
0016 0|0|8|0|0003  ADD #3
0017 9|0|0|2|0000  STORE [X], A
0018 8|0|0|3|0000  LOAD A, [X+]
0019 8|0|0|2|0000  LOAD A, [X]
001A 0|0|8|0|0003  ADD #3
001B 9|0|0|2|0000  STORE [X], A
001C 8|0|0|3|0000  LOAD A, [X+]
001D 8|0|0|2|0000  LOAD A, [X]
001E 0|0|8|0|0001  ADD #1
001F 9|0|0|2|0000  STORE [X], A
0020 8|0|0|6|0000  MOVE A, XL
0021 1|0|8|0|0004  SUB #4
0022 8|0|2|4|0000  MOVE XL, A
0023 C|6|0|0|0027  JUMP NC, k3
0024 8|0|0|7|0000  MOVE A, XH
0025 1|0|8|0|0001  SUB #1
0026 8|0|3|4|0000  MOVE XH, A
                           k3:
0027 8|0|0|2|0000  LOAD A, [X]
0028 1|0|8|0|0001  SUB #1
0029 9|0|0|2|0000  STORE [X], A
002A C|5|0|0|0010  JUMP NZ, b2
                           e2:
002B 8|0|0|3|0000  LOAD A, [X+]
002C 8|0|0|2|0000  LOAD A, [X]
002D 0|0|8|0|0001  ADD #1
002E 9|0|0|2|0000  STORE [X], A
002F 8|0|0|3|0000  LOAD A, [X+]
0030 8|0|0|2|0000  LOAD A, [X]
0031 0|0|8|0|0001  ADD #1
0032 9|0|0|2|0000  STORE [X], A
0033 8|0|0|3|0000  LOAD A, [X+]
0034 8|0|0|2|0000  LOAD A, [X]
0035 1|0|8|0|0001  SUB #1
0036 9|0|0|2|0000  STORE [X], A
0037 8|0|0|3|0000  LOAD A, [X+]
0038 8|0|0|3|0000  LOAD A, [X+]
0039 8|0|0|2|0000  LOAD A, [X]
003A 0|0|8|0|0001  ADD #1
003B 9|0|0|2|0000  STORE [X], A
003C 8|0|0|2|0000  LOAD A, [X]
003D 4|0|0|0|00FF  TEST #255
003E C|1|0|0|0049  JUMP Z, e4
                           b4:
003F 8|0|0|6|0000  MOVE A, XL
0040 1|0|8|0|0001  SUB #1
0041 8|0|2|4|0000  MOVE XL, A
0042 C|6|0|0|0046  JUMP NC, k5
0043 8|0|0|7|0000  MOVE A, XH
0044 1|0|8|0|0001  SUB #1
0045 8|0|3|4|0000  MOVE XH, A
                           k5:
0046 8|0|0|2|0000  LOAD A, [X]
0047 4|0|0|0|00FF  TEST #255
0048 C|5|0|0|003F  JUMP NZ, b4
                           e4:
0049 8|0|0|6|0000  MOVE A, XL
004A 1|0|8|0|0001  SUB #1
004B 8|0|2|4|0000  MOVE XL, A
004C C|6|0|0|0050  JUMP NC, k6
004D 8|0|0|7|0000  MOVE A, XH
004E 1|0|8|0|0001  SUB #1
004F 8|0|3|4|0000  MOVE XH, A
                           k6:
0050 8|0|0|2|0000  LOAD A, [X]
0051 1|0|8|0|0001  SUB #1
0052 9|0|0|2|0000  STORE [X], A
0053 C|5|0|0|0009  JUMP NZ, b1
                           e1:
0054 8|0|0|3|0000  LOAD A, [X+]
0055 8|0|0|3|0000  LOAD A, [X+]
0056 8|0|0|2|0000  LOAD A, [X]
0057 9|0|0|1|FF20  STORE [LED], A
0058 8|0|0|3|0000  LOAD A, [X+]
0059 8|0|0|2|0000  LOAD A, [X]
005A 1|0|8|0|0003  SUB #3
005B 9|0|0|2|0000  STORE [X], A
005C 8|0|0|2|0000  LOAD A, [X]
005D 9|0|0|1|FF20  STORE [LED], A
005E 8|0|0|2|0000  LOAD A, [X]
005F 0|0|8|0|0007  ADD #7
0060 9|0|0|2|0000  STORE [X], A
0061 8|0|0|2|0000  LOAD A, [X]
0062 9|0|0|1|FF20  STORE [LED], A
0063 8|0|0|2|0000  LOAD A, [X]
0064 9|0|0|1|FF20  STORE [LED], A
0065 8|0|0|2|0000  LOAD A, [X]
0066 0|0|8|0|0003  ADD #3
0067 9|0|0|2|0000  STORE [X], A
0068 8|0|0|2|0000  LOAD A, [X]
0069 9|0|0|1|FF20  STORE [LED], A
006A 8|0|0|3|0000  LOAD A, [X+]
006B 8|0|0|3|0000  LOAD A, [X+]
006C 8|0|0|2|0000  LOAD A, [X]
006D 9|0|0|1|FF20  STORE [LED], A
006E 8|0|0|6|0000  MOVE A, XL
006F 1|0|8|0|0001  SUB #1
0070 8|0|2|4|0000  MOVE XL, A
0071 C|6|0|0|0075  JUMP NC, k7
0072 8|0|0|7|0000  MOVE A, XH
0073 1|0|8|0|0001  SUB #1
0074 8|0|3|4|0000  MOVE XH, A
                           k7:
0075 8|0|0|2|0000  LOAD A, [X]
0076 1|0|8|0|0001  SUB #1
0077 9|0|0|2|0000  STORE [X], A
0078 8|0|0|2|0000  LOAD A, [X]
0079 9|0|0|1|FF20  STORE [LED], A
007A 8|0|0|6|0000  MOVE A, XL
007B 1|0|8|0|0001  SUB #1
007C 8|0|2|4|0000  MOVE XL, A
007D C|6|0|0|0081  JUMP NC, k8
007E 8|0|0|7|0000  MOVE A, XH
007F 1|0|8|0|0001  SUB #1
0080 8|0|3|4|0000  MOVE XH, A
                           k8:
0081 8|0|0|2|0000  LOAD A, [X]
0082 9|0|0|1|FF20  STORE [LED], A
0083 8|0|0|2|0000  LOAD A, [X]
0084 0|0|8|0|0003  ADD #3
0085 9|0|0|2|0000  STORE [X], A
0086 8|0|0|2|0000  LOAD A, [X]
0087 9|0|0|1|FF20  STORE [LED], A
0088 8|0|0|2|0000  LOAD A, [X]
0089 1|0|8|0|0006  SUB #6
008A 9|0|0|2|0000  STORE [X], A
008B 8|0|0|2|0000  LOAD A, [X]
008C 9|0|0|1|FF20  STORE [LED], A
008D 8|0|0|2|0000  LOAD A, [X]
008E 1|0|8|0|0008  SUB #8
008F 9|0|0|2|0000  STORE [X], A
0090 8|0|0|2|0000  LOAD A, [X]
0091 9|0|0|1|FF20  STORE [LED], A
0092 8|0|0|3|0000  LOAD A, [X+]
0093 8|0|0|3|0000  LOAD A, [X+]
0094 8|0|0|2|0000  LOAD A, [X]
0095 0|0|8|0|0001  ADD #1
0096 9|0|0|2|0000  STORE [X], A
0097 8|0|0|2|0000  LOAD A, [X]
0098 9|0|0|1|FF20  STORE [LED], A
0099 8|0|0|3|0000  LOAD A, [X+]
009A 8|0|0|2|0000  LOAD A, [X]
009B 0|0|8|0|0002  ADD #2
009C 9|0|0|2|0000  STORE [X], A
009D 8|0|0|2|0000  LOAD A, [X]
009E 9|0|0|1|FF20  STORE [LED], A
009F C|4|0|0|009F  JUMP $
