FT4 {FT,N,P,MK} (x,1) 0 FOUND 16 1032023110320203
FT4 {FT,N,P,MK} (x,1) 1 FOUND 16 0320231103202031
FT4 {FT,N,P,MK} (x,1)~ 0 FOUND 17 01302310320230103
FT4 {FT,N,P,MK} (x,1)~ 1 FOUND 19 0320103031032023031
FT4 {FT,N,P,MK} (1,x) 0 FOUND 18 031030110320302230
FT4 {FT,N,P,MK} (1,x) 1 FOUND 16 1032023110320203
FT4 {FT,N,P,MK} (1,x)~ 0 FOUND 19 1013023103202301032
FT4 {FT,N,P,MK} (1,x)~ 1 FOUND 17 01302310320230103
FT4 {FT,N,P,MK} (x,0) 0 FOUND 16 0231103202031032
FT4 {FT,N,P,MK} (x,0) 1 FOUND 16 2023110320203103
FT4 {FT,N,P,MK} (x,0)~ 0 FOUND 17 02310231010320132
FT4 {FT,N,P,MK} (x,0)~ 1 FOUND 17 02013103220031013
FT4 {FT,N,P,MK} (0,x) 0 FOUND 17 10231010320132023
FT4 {FT,N,P,MK} (0,x) 1 FOUND 16 0231103202031032
FT4 {FT,N,P,MK} (0,x)~ 1 FOUND 17 02310231010320132
FT4 {FT,N,P,MK} {'CAP': 7, 'FOUND': 15}
A,B,MK  A=(F,T0,P) B=(F,T0,M) (x,xbar) 1 FOUND 18 002121202120120212
A,B,MK  A=(F,T0,P) B=(F,T0,M) {'CAP': 21, 'FOUND': 1}
A,B,MK  (F,T1,..) (x,xbar)~ 1 FOUND 18 002121202120120212
A,B,MK  (F,T1,..) {'CAP': 21, 'FOUND': 1}
A,B,MK  (T0,F,..) (x,xbar)~ 1 FOUND 18 002121202120120212
